[train 4101] validated cached checkpoint
[evaluate 4101/9101] id/close32_open01: 549 rows
[evaluate 4101/9101] id/close32_open02: 549 rows
[evaluate 4101/9101] id/close32_open03: 549 rows
[evaluate 4101/9101] id/close32_open04: 549 rows
[evaluate 4101/9101] id/close32_open05: 549 rows
[evaluate 4101/9101] id/close32_open06: 549 rows
[evaluate 4101/9101] id/close32_open17: 549 rows
[evaluate 4101/9101] id/close32_open18: 549 rows
[evaluate 4101/9101] id/close32_open19: 549 rows
[evaluate 4101/9101] id/close33_open08: 549 rows
[evaluate 4101/9101] id/close33_open09: 549 rows
[evaluate 4101/9101] id/close33_open10: 549 rows
[evaluate 4101/9101] id/close33_open11: 549 rows
[evaluate 4101/9101] id/close33_open12: 549 rows
[evaluate 4101/9101] id/close33_open13: 549 rows
[evaluate 4101/9101] id/close34_open01: 549 rows
[evaluate 4101/9101] id/close34_open02: 549 rows
[evaluate 4101/9101] id/close34_open03: 549 rows
[evaluate 4101/9101] id/close34_open04: 549 rows
[evaluate 4101/9101] id/close34_open05: 549 rows
[evaluate 4101/9101] id/close34_open06: 549 rows
[evaluate 4101/9101] id/close34_open07: 549 rows
[evaluate 4101/9101] id/close34_open08: 549 rows
[evaluate 4101/9101] id/close34_open09: 549 rows
[evaluate 4101/9101] id/close34_open10: 549 rows
[evaluate 4101/9101] id/close34_open17: 549 rows
[evaluate 4101/9101] id/close34_open18: 549 rows
[evaluate 4101/9101] id/close34_open19: 549 rows
[evaluate 4101/9101] id/close34_open20: 549 rows
[evaluate 4101/9101] id/close35_open05: 549 rows
[evaluate 4101/9101] id/close35_open06: 549 rows
[evaluate 4101/9101] id/close35_open07: 549 rows
[evaluate 4101/9101] id/close35_open08: 549 rows
[evaluate 4101/9101] id/close35_open09: 549 rows
[evaluate 4101/9101] id/close35_open10: 549 rows
[evaluate 4101/9101] id/close35_open11: 549 rows
[evaluate 4101/9101] id/close35_open12: 549 rows
[evaluate 4101/9101] id/close35_open13: 549 rows
[evaluate 4101/9101] id/close35_open14: 549 rows
[evaluate 4101/9101] id/close35_open15: 549 rows
[evaluate 4101/9101] id/close35_open16: 549 rows
[evaluate 4101/9101] id/close35_open24: 549 rows
[evaluate 4101/9101] id/close35_open25: 549 rows
[evaluate 4101/9101] id/close35_open26: 549 rows
[evaluate 4101/9101] id/close35_open27: 549 rows
[evaluate 4101/9101] id/close35_open28: 549 rows
[evaluate 4101/9101] id/close35_open29: 549 rows
[evaluate 4101/9101] id/close35_open30: 549 rows
[evaluate 4101/9101] id/close35_open31: 549 rows
[evaluate 4101/9101] id/close36_open02: 549 rows
[evaluate 4101/9101] id/close36_open03: 549 rows
[evaluate 4101/9101] id/close36_open04: 549 rows
[evaluate 4101/9101] id/close36_open21: 549 rows
[evaluate 4101/9101] id/close36_open22: 549 rows
[evaluate 4101/9101] id/close36_open23: 549 rows
[evaluate 4101/9101] id/close36_open24: 549 rows
[evaluate 4101/9101] id/close36_open25: 549 rows
[evaluate 4101/9101] id/close36_open26: 549 rows
[evaluate 4101/9101] id/close36_open27: 549 rows
[done] evaluate 9.1s
[train 4101] validated cached checkpoint
[evaluate 4101/9201] id/base: 549 rows
[evaluate 4101/9201] id/close32_open01: 549 rows
[evaluate 4101/9201] id/close32_open02: 549 rows
[evaluate 4101/9201] id/close32_open03: 549 rows
[evaluate 4101/9201] id/close32_open04: 549 rows
[evaluate 4101/9201] id/close32_open05: 549 rows
[evaluate 4101/9201] id/close32_open06: 549 rows
[evaluate 4101/9201] id/close32_open17: 549 rows
[evaluate 4101/9201] id/close32_open18: 549 rows
[evaluate 4101/9201] id/close32_open19: 549 rows
[evaluate 4101/9201] id/close33_open08: 549 rows
[evaluate 4101/9201] id/close33_open09: 549 rows
[evaluate 4101/9201] id/close33_open10: 549 rows
[evaluate 4101/9201] id/close33_open11: 549 rows
[evaluate 4101/9201] id/close33_open12: 549 rows
[evaluate 4101/9201] id/close33_open13: 549 rows
[evaluate 4101/9201] id/close34_open01: 549 rows
[evaluate 4101/9201] id/close34_open02: 549 rows
[evaluate 4101/9201] id/close34_open03: 549 rows
[evaluate 4101/9201] id/close34_open04: 549 rows
[evaluate 4101/9201] id/close34_open05: 549 rows
[evaluate 4101/9201] id/close34_open06: 549 rows
[evaluate 4101/9201] id/close34_open07: 549 rows
[evaluate 4101/9201] id/close34_open08: 549 rows
[evaluate 4101/9201] id/close34_open09: 549 rows
[evaluate 4101/9201] id/close34_open10: 549 rows
[evaluate 4101/9201] id/close34_open17: 549 rows
[evaluate 4101/9201] id/close34_open18: 549 rows
[evaluate 4101/9201] id/close34_open19: 549 rows
[evaluate 4101/9201] id/close34_open20: 549 rows
[evaluate 4101/9201] id/close35_open05: 549 rows
[evaluate 4101/9201] id/close35_open06: 549 rows
[evaluate 4101/9201] id/close35_open07: 549 rows
[evaluate 4101/9201] id/close35_open08: 549 rows
[evaluate 4101/9201] id/close35_open09: 549 rows
[evaluate 4101/9201] id/close35_open10: 549 rows
[evaluate 4101/9201] id/close35_open11: 549 rows
[evaluate 4101/9201] id/close35_open12: 549 rows
[evaluate 4101/9201] id/close35_open13: 549 rows
[evaluate 4101/9201] id/close35_open14: 549 rows
[evaluate 4101/9201] id/close35_open15: 549 rows
[evaluate 4101/9201] id/close35_open16: 549 rows
[evaluate 4101/9201] id/close35_open24: 549 rows
[evaluate 4101/9201] id/close35_open25: 549 rows
[evaluate 4101/9201] id/close35_open26: 549 rows
[evaluate 4101/9201] id/close35_open27: 549 rows
[evaluate 4101/9201] id/close35_open28: 549 rows
[evaluate 4101/9201] id/close35_open29: 549 rows
[evaluate 4101/9201] id/close35_open30: 549 rows
[evaluate 4101/9201] id/close35_open31: 549 rows
[evaluate 4101/9201] id/close36_open02: 549 rows
[evaluate 4101/9201] id/close36_open03: 549 rows
[evaluate 4101/9201] id/close36_open04: 549 rows
[evaluate 4101/9201] id/close36_open21: 549 rows
[evaluate 4101/9201] id/close36_open22: 549 rows
[evaluate 4101/9201] id/close36_open23: 549 rows
[evaluate 4101/9201] id/close36_open24: 549 rows
[evaluate 4101/9201] id/close36_open25: 549 rows
[evaluate 4101/9201] id/close36_open26: 549 rows
[evaluate 4101/9201] id/close36_open27: 549 rows
[evaluate 4101/9201] pv_shift/base: 549 rows
[done] evaluate 11.3s
[train 4101] validated cached checkpoint
[evaluate 4101/9301] id/base: 549 rows
[evaluate 4101/9301] id/close32_open01: 549 rows
[evaluate 4101/9301] id/close32_open02: 549 rows
[evaluate 4101/9301] id/close32_open03: 549 rows
[evaluate 4101/9301] id/close32_open04: 549 rows
[evaluate 4101/9301] id/close32_open05: 549 rows
[evaluate 4101/9301] id/close32_open06: 549 rows
[evaluate 4101/9301] id/close32_open17: 549 rows
[evaluate 4101/9301] id/close32_open18: 549 rows
[evaluate 4101/9301] id/close32_open19: 549 rows
[evaluate 4101/9301] id/close33_open08: 549 rows
[evaluate 4101/9301] id/close33_open09: 549 rows
[evaluate 4101/9301] id/close33_open10: 549 rows
[evaluate 4101/9301] id/close33_open11: 549 rows
[evaluate 4101/9301] id/close33_open12: 549 rows
[evaluate 4101/9301] id/close33_open13: 549 rows
[evaluate 4101/9301] id/close34_open01: 549 rows
[evaluate 4101/9301] id/close34_open02: 549 rows
[evaluate 4101/9301] id/close34_open03: 549 rows
[evaluate 4101/9301] id/close34_open04: 549 rows
[evaluate 4101/9301] id/close34_open05: 549 rows
[evaluate 4101/9301] id/close34_open06: 549 rows
[evaluate 4101/9301] id/close34_open07: 549 rows
[evaluate 4101/9301] id/close34_open08: 549 rows
[evaluate 4101/9301] id/close34_open09: 549 rows
[evaluate 4101/9301] id/close34_open10: 549 rows
[evaluate 4101/9301] id/close34_open17: 549 rows
[evaluate 4101/9301] id/close34_open18: 549 rows
[evaluate 4101/9301] id/close34_open19: 549 rows
[evaluate 4101/9301] id/close34_open20: 549 rows
[evaluate 4101/9301] id/close35_open05: 549 rows
[evaluate 4101/9301] id/close35_open06: 549 rows
[evaluate 4101/9301] id/close35_open07: 549 rows
[evaluate 4101/9301] id/close35_open08: 549 rows
[evaluate 4101/9301] id/close35_open09: 549 rows
[evaluate 4101/9301] id/close35_open10: 549 rows
[evaluate 4101/9301] id/close35_open11: 549 rows
[evaluate 4101/9301] id/close35_open12: 549 rows
[evaluate 4101/9301] id/close35_open13: 549 rows
[evaluate 4101/9301] id/close35_open14: 549 rows
[evaluate 4101/9301] id/close35_open15: 549 rows
[evaluate 4101/9301] id/close35_open16: 549 rows
[evaluate 4101/9301] id/close35_open24: 549 rows
[evaluate 4101/9301] id/close35_open25: 549 rows
[evaluate 4101/9301] id/close35_open26: 549 rows
[evaluate 4101/9301] id/close35_open27: 549 rows
[evaluate 4101/9301] id/close35_open28: 549 rows
[evaluate 4101/9301] id/close35_open29: 549 rows
[evaluate 4101/9301] id/close35_open30: 549 rows
[evaluate 4101/9301] id/close35_open31: 549 rows
[evaluate 4101/9301] id/close36_open02: 549 rows
[evaluate 4101/9301] id/close36_open03: 549 rows
[evaluate 4101/9301] id/close36_open04: 549 rows
[evaluate 4101/9301] id/close36_open21: 549 rows
[evaluate 4101/9301] id/close36_open22: 549 rows
[evaluate 4101/9301] id/close36_open23: 549 rows
[evaluate 4101/9301] id/close36_open24: 549 rows
[evaluate 4101/9301] id/close36_open25: 549 rows
[evaluate 4101/9301] id/close36_open26: 549 rows
[evaluate 4101/9301] id/close36_open27: 549 rows
[evaluate 4101/9301] pv_shift/base: 549 rows
[done] evaluate 10.3s
