[train 4101] validated cached checkpoint
base 1 always_exact 391.104
base 1 physics_only_abs_margin 19.584
base 1 nn_margin 48.791
base 1 phy_d 63.812
base 1 physics_residual_margin 29.855
base 64 always_exact 9.517
base 64 physics_only_abs_margin 7.175
base 64 nn_margin 8.507
base 64 phy_d 8.896
base 64 physics_residual_margin 7.676
base 512 always_exact 3.158
base 512 physics_only_abs_margin 1.328
base 512 nn_margin 1.951
base 512 phy_d 2.088
base 512 physics_residual_margin 1.548
close35_open31 1 always_exact 402.292
close35_open31 1 physics_only_abs_margin 19.542
close35_open31 1 nn_margin 48.708
close35_open31 1 phy_d 63.438
close35_open31 1 physics_residual_margin 29.875
close35_open31 64 always_exact 10.647
close35_open31 64 physics_only_abs_margin 7.967
close35_open31 64 nn_margin 9.091
close35_open31 64 phy_d 10.697
close35_open31 64 physics_residual_margin 8.285
close35_open31 512 always_exact 3.762
close35_open31 512 physics_only_abs_margin 1.468
close35_open31 512 nn_margin 2.136
close35_open31 512 phy_d 2.513
close35_open31 512 physics_residual_margin 1.714
